e:\personal\c++\shader-engine\shader-engine_opengl\shader-e.f0adae59\x64\debug\vc143.pdb
e:\personal\c++\shader-engine\shader-engine_opengl\shader-e.f0adae59\x64\debug\vc143.idb
e:\personal\c++\shader-engine\shader-engine_opengl\shader-e.f0adae59\x64\debug\vbo.obj
e:\personal\c++\shader-engine\shader-engine_opengl\shader-e.f0adae59\x64\debug\vao.obj
e:\personal\c++\shader-engine\shader-engine_opengl\shader-e.f0adae59\x64\debug\stbimageimplementation.obj
e:\personal\c++\shader-engine\shader-engine_opengl\shader-e.f0adae59\x64\debug\shader.obj
e:\personal\c++\shader-engine\shader-engine_opengl\shader-e.f0adae59\x64\debug\model.obj
e:\personal\c++\shader-engine\shader-engine_opengl\shader-e.f0adae59\x64\debug\mesh.obj
e:\personal\c++\shader-engine\shader-engine_opengl\shader-e.f0adae59\x64\debug\main.obj
e:\personal\c++\shader-engine\shader-engine_opengl\shader-e.f0adae59\x64\debug\ebo.obj
e:\personal\c++\shader-engine\shader-engine_opengl\x64\debug\shader-engine_opengl.pdb
e:\personal\c++\shader-engine\shader-engine_opengl\shader-e.f0adae59\x64\debug\shader-e.f0adae59.tlog\cl.command.1.tlog
e:\personal\c++\shader-engine\shader-engine_opengl\shader-e.f0adae59\x64\debug\shader-e.f0adae59.tlog\cl.read.1.tlog
e:\personal\c++\shader-engine\shader-engine_opengl\shader-e.f0adae59\x64\debug\shader-e.f0adae59.tlog\cl.write.1.tlog
e:\personal\c++\shader-engine\shader-engine_opengl\shader-e.f0adae59\x64\debug\shader-e.f0adae59.tlog\link-cvtres.read.1.tlog
e:\personal\c++\shader-engine\shader-engine_opengl\shader-e.f0adae59\x64\debug\shader-e.f0adae59.tlog\link-cvtres.write.1.tlog
e:\personal\c++\shader-engine\shader-engine_opengl\shader-e.f0adae59\x64\debug\shader-e.f0adae59.tlog\link-rc.read.1.tlog
e:\personal\c++\shader-engine\shader-engine_opengl\shader-e.f0adae59\x64\debug\shader-e.f0adae59.tlog\link-rc.write.1.tlog
e:\personal\c++\shader-engine\shader-engine_opengl\shader-e.f0adae59\x64\debug\shader-e.f0adae59.tlog\link.command.1.tlog
e:\personal\c++\shader-engine\shader-engine_opengl\shader-e.f0adae59\x64\debug\shader-e.f0adae59.tlog\link.read.1.tlog
e:\personal\c++\shader-engine\shader-engine_opengl\shader-e.f0adae59\x64\debug\shader-e.f0adae59.tlog\link.read.2.tlog
e:\personal\c++\shader-engine\shader-engine_opengl\shader-e.f0adae59\x64\debug\shader-e.f0adae59.tlog\link.write.1.tlog
